Items with missing icons:
6064630418007326720 Test_LearnableRecipe (Consumable)
108803826669176 MA_0002_SP_StoneBeakFeather (Quest)
109065612187335 MA_0005_RTH_Ensemble_CodedNote (Quest)
109071524124368 MA_0005_SAD_JailorKey (Quest)
109081759929978 MA_0005_QuillOfTytivillus (Quest)
109189739730563 Quest_MA0005_P2_06 (Quest)
109189739730565 Quest_MA0005_P2_08 (Quest)
109189739730568 Quest_MA0005_P3_01 (Quest)
6064628854864347206 MA_0007_BOB_BattleScroll_Untranslated (Quest)
6064628860580528151 MA_0007_BAL_RustyBox (Quest)
6064628906421714994 MA_0012_TPG_BloodDeed (Quest)
6064628951501635639 MA_0012_WBB_TharibloomPetals (Quest)
6064629019232567309 MA_0002_MOM_CultistMap (Quest)
107123883923064 Mount_Grounded_Kirin_0 (Misc)
107450133141114 Mount_Grounded_MoonstriderMule_0 (Misc)
107450284594809 RETIRED_Mount_Grounded_CarmineChameleon_0 (Misc)
107955466884754 Narrative_SA_01_PristineEssenceCore_Item (Material)
107955479598739 Narrative_SA_01_FoolsGold_Item (Material)
108198164321913 Dunir Chair (Consumable)
108363487991416 Mount_Grounded_FrayedCopse_0 (Misc)
108436540118648 RETIRED_Mount_Grounded_CinderhornSteer_0 (Misc)
108471181858446 MA_0002_DarkbriarGem (Quest)
108471283111579 MA_0002_HarbingerSeeds (Quest)
108481735054968 MA_0002_CursedVase (Quest)
108481744623226 MA_0002_CursedSkull (Quest)
108481766905468 MA_0002_CursedStatue (Quest)
108515122370184 MA_0002_EmptyCursedVase (Quest)
108515135870601 MA_0002_VaseWithLyndraBloom (Quest)
108550313367223 MA_0002_DarkbriarOubliette (Quest)
108555073050235 MA_0002_MaskOfKhuZhu (Quest)
108561429845640 MA_0002_HeleasKey (Quest)
108600351348367 MA_0002_SP_BB_AcidWeb (Quest)
108600360785552 MA_0002_SP_BB_VialOfKirinBlood (Quest)
108600364848785 MA_0002_SP_BB_EyeOfDredgehornFrog (Quest)
108600369698450 MA_0002_SP_BB_BottleOfLastBreath (Quest)
108611983988362 MA_0002_SP_AV_TrimeniumAngle (Quest)
108639512188538 Mount_Grounded_NobleWarhorn_0 (Misc)
108798559147645 MA_0002_SP_MR_TorroxianSkull (Quest)
108873225688696 RETIRED_Mount_Grounded_AmethystBoughbite_0 (Misc)
109076218140352 MA_0005_SAD_EnsembleOde (Quest)
109076817270398 Event_PE_0001_FoulCysts_Item (Material)
109081725589113 MA_0005_EOA_ChantOfUndeath (Quest)
109088443618950 MA_0005_BTF_CorpseNote (Quest)
109116179764856 MA_0005_PYD_TradeDues_Lumbermill (Quest)
109116187432569 MA_0005_PYD_TradeDues_PigRanch (Quest)
109116190185082 MA_0005_PYD_TradeDues_FishmongerFarms (Quest)
109120971888248 MA_0005_RTH_Ensemble_DecodedNote (Quest)
109120983291513 MA_0005_RTH_Ensemble_Flute_Mk1 (Quest)
109183032317560 Mount_Grounded_Deer_0 (Misc)
109224004310742 Event_PE_0002_BanditInsignia_Item (Material)
109224018597592 Event_PE_0003_RecoveredMunitions_Item (Material)
109269738149498 Event_PE_0003_FeldblossomSprig_Item (Material)
109313917146763 MA_0005_PFB_BearPoisonVial (Quest)
109358883755642 MA_0005_HOH_OrriksHead (Quest)
109426863199865 Mount_Grounded_Ramstrider_0 (Misc)
6064628826886439072 MA_0002_SP_BB_BottleOfDjinnGin (Quest)
6064628854880010311 MA_0007_BOB_BattleScroll_Translated (Quest)
6064628854968352850 MA_0007_BOB_PriestessPhylactery_Torment (Quest)
6064628855655760027 MA_0007_TOF_AncientFable (Quest)
6064628855688069276 MA_0007_TOF_MusicSheet_Lullabye (Quest)
6064628860654452761 MA_0007_BAL_WhistleKey (Quest)
6064628860742664233 MA_0007_TWK_BloomsteelCoin (Quest)
6064628889710755851 MA_0007_BAL_AnchorKey (Quest)
6064628933829591053 MA_0012_STD_SkuttersTeeth (Quest)
6064628951496392758 MA_0012_WBB_BloodDeed_Recipe (Quest)
6064628951514611768 MA_0012_WBB_BogSpit (Quest)
6064628951535321145 MA_0012_WBB_BlightKillerPotion (Quest)
6064629019251900430 MA_0002_TSS_EndlessChest (Quest)
6064629059062202421 MA_0002_MOM_MotherOfMaidens (Quest)
6064629109597274198 MIA_0003_TGS_TravellerCipher (Quest)
6064629131983388690 MIA_0003_RRR_MedalOf_Defense (Quest)
6064629131994267667 MIA_0003_RRR_MedalOf_Faith (Quest)
6064629131997741076 MIA_0003_RRR_MedalOf_Intellect (Quest)
6064629131999969301 MIA_0003_RRR_MedalOf_Equitation (Quest)
6064629172512817152 MA_0009a_BonesofAncestry (Quest)
6064629172989460485 MA_0009a_Rubbings (Quest)
6064629364277379103 SAI_0015_PTS_RedCrystalLever (Quest)
6064629364304904224 SAI_0015_PTS_BlueCrystalLever (Quest)
6064629364309164065 SAI_0015_PTS_GreenInitiatorGem (Quest)
6064629364319715363 SAI_0015_PTS_ClockworkCodexKey (Quest)
6064629375983419498 SAI_0015_AAV_LampOfMalgus (Quest)
6064629381492375587 SAI_0015_BFP_FutureMap (Quest)
6064629381502468132 SAI_0015_BFP_FociOfPower (Quest)
6064629444505501727 QST_0020_CTK_StableMap (Quest)
6064629444523655200 QST_0020_CTK_SealedMaidNote (Quest)
6064629461062909975 QST_0020_CAC_WaterCask (Quest)
6064629466330431549 QST_0020_MOM_CrownOfMungle (Quest)
6064629495686104365 MA_0005_RTH_BrandingIron (Quest)
6064629568979730464 MA_0007_GUM_AlishasBonnet (Quest)
6064629569282965561 MA_0007_BTP_FingerboneCollection (Quest)
6064629575238287676 Quest_Item_00019_Banner (Quest)
6064629576693121037 MA_0014_ResearchGrant (Quest)
6064629576770060302 MA_0014_InedibleChunkOfMeat (Quest)
6064629576834285590 MA_0014_HerbEssence (Quest)
6064629576843919383 MA_0014_AnimalEssence (Quest)
6064629620495810655 SA_0009_JaynasRecipe (Quest)
6064629624929845250 SA_0009_SerumOfLight (Quest)
6064629624929910787 SA_0009_DropletOfQuicksilver (Quest)
6064629624930041860 SA_0009_BloodOfAWitch (Quest)
6064629625902989312 SA_0009_SoothsayerTincture (Quest)
6064629642265296920 MA_0002_TSS_StrandOfStrength (Quest)
6064629647447425030 MA_0002_MOM_VuulVodex (Quest)
6064629653236482054 MA_0002_CCC_RewardItem_Book_VuulVodex (Quest)
6064629688099602785 SA_0008_GH_Tabard (Quest)
6064629688129487202 SA_0008_GH_Runes (Quest)
6064629688138531171 SA_0008_GH_BrokenShield (Quest)
6064629688142922084 SA_0008_GH_RottenFish (Quest)
6064629688443732338 SA_0008_GH_ForgedScrolls (Quest)
6064629688482136435 SA_0008_GH_Rune_Algiz (Quest)
6064629688514904437 SA_0008_GH_Rune_Isaz (Quest)
6064629688520868214 SA_0008_GH_Rune_Ansuz (Quest)
6064629688522965367 SA_0008_GH_Rune_Ehwaz (Quest)
6064629688525914488 SA_0008_GH_Rune_Dagaz (Quest)
6064629688529256825 SA_0008_GH_Rune_Laguz (Quest)
6064629704156446720 MA_0021_EssenceTracker (Quest)
6064629721957400576 QST_0016_TMC_AshesOfForgotten (Quest)
6064629721991086081 QST_0016_TMC_AshesOfGrimHollow (Quest)
6064629722008911874 QST_0016_TMC_AshesOfFirstFlight (Quest)
6064629722036895747 QST_0016_TMC_AshesOfLochspire (Quest)
6064629731813752832 MA_0021_SergiasList (Quest)
6064629851493367815 QST_SAL_0001_ROT_ChestKey (Quest)
6064629896840478720 MA_0007_TWK_ChestNote (Quest)
6064629937306665072 MA_0007_BTP_Sighted_GlassEye (Quest)
6064629965571489863 MA_0007_WOO_SightedPlans (Quest)
6064629965616447488 PlayerCommodity_Test_KyleJusto (Material)
6064630016163643394 PlayerCommodity_Test_KyleBuck (Material)
6064630016257228855 MA_0007_WOO_PlunderKey (Quest)
6064630021735251968 PlayerCommodity_Test_KyleJusto1 (Material)
6064630021735383041 PlayerCommodity_Test_KyleBuck1 (Material)
6064630021735645186 PlayerCommodity_Test_KyleJusto2 (Material)
6064630021735710723 PlayerCommodity_Test_KyleBuck2 (Material)
6064630169004015691 CSQ_ITM_0017_BOB_TLS_StoneTablet_OLD (Quest)
6064630169027805260 QST_0017_TLS_TheBullRing (Quest)
6064630197017968712 CSQ_ITM_0017_BOB_CTR_TheOubliette (Quest)
6064630197031403593 QST_0017_CTR_Battleaxe_BullRoarer (Quest)
6064630198037905408 EID_RVR_BanditAttackOnConvoy_TrapComponenets (Quest)
6064630203210989568 Quest_0022_SmashedManipulators (Quest)
6064630203213021185 Quest_0022_StrangeCrystal (Quest)
6064630209374715966 Quest_0022_PaperTrails (Quest)
6064630326921068555 MA_0005A_STR_LostNote (Quest)
6064630355594510347 MA_0005A_BDA_DeserterList (Quest)
6064630366451990528 MA_0005A_SNB_RecordOfUulorian (Quest)
6064630367056887858 MA_0005A_SNB_FinalNote (Quest)
6064630407262175400 MA_0005A_BLO_StarOfOzu (Quest)
6064630475167957014 MA_0005B_HHB_MiningForm (Quest)
6064630475264426021 MA_0005B_HHB_TheDailyRush (Quest)
6064630480592830510 MA_0005B_HHB_ThanaciteLicense_Legit (Quest)
6064630480614653999 MA_0005B_HHB_ThanaciteLicense_Fake (Quest)
6064630486419570720 MA_0005B_HHB_MinotaurArtifact (Quest)
6064630594067956798 MA_0005B_TEW_TEST_PentaGlaive (Quest)
6064630609867571200 MA_0005A_TIG_MermaidsLure (Quest)
6064630614059385206 Item_0026_GoblinEars (Quest)
6064630639305228288 0015_Pilgrims_HonorificBundle (Quest)
6064630967500275744 LA0002_Book_TheHowlingOak (Quest)
6064631007076483092 CSQ_0005_BloomwatchAttackPlans (Quest)
6064631007412551714 CSQ_0014_AGiantBoneFragment (Quest)
6064631007449317414 CSQ_0016_RiverRunnerKey (Quest)
6064631080994209826 CSQ_ITM_ArtisanCrates_HuntersHill (Quest)
6064631081012101155 CSQ_ITM_ArtisanCrates_EyeOfTheNeedle (Quest)
6064631081015640100 CSQ_ITM_ArtisanCrates_ArdentAnvil (Quest)
6064631081019899941 CSQ_ITM_ArtisanCrates_CandorsKettle (Quest)
6064631081022193702 CSQ_ITM_ArtisanCrates_RoyalRockworks (Quest)
6064631081025404967 CSQ_ITM_ArtisanCrates_TimberclawMill (Quest)
6064631081127837749 CSQ_ITM_ArtisanCrates_FlameAndFormula (Quest)
6064631081130852406 CSQ_ITM_ArtisanCrates_SevenStarsVineyard (Quest)
6064631120782884868 Mount_Grounded_Kirin_1 (Misc)
6064631120904454151 RETIRED_Mount_Flying_VeteranAuriteDrake_0 (Misc)
6064631121061740582 RETIRED_Mount_Flying_Hippogriff_0 (Misc)
6064631121062592551 RETIRED_Mount_Flying_Hippogriff_1 (Misc)
6064631121062789160 RETIRED_Mount_Flying_Hippogriff_2 (Misc)
6064631121068228649 Mount_Grounded_Guarden_0 (Misc)
6064631121078255664 Mount_Grounded_FoxOfThePyre_0 (Misc)
6064631121080942641 Mount_Grounded_Dredgehorn_0 (Misc)
6064631121086775346 Mount_Grounded_StagOfBoughs_0 (Misc)
6064631125008580609 CSQ_DelCrate_RVR_CandorsKettle (Quest)
6064631272557379586 CSQ_ITM_0040_KTK_RustyKey (Quest)
6064631272567341059 CSQ_ITM_0040_KTK_CourtOfCloaksCoin (Quest)
6064631312281960456 CSQ_ITM_0041_EOS_Stone_LeftEye (Quest)
6064631312296968201 CSQ_ITM_0041_EOS_Stone_RightEye (Quest)
6064631363391193157 CSQ_ITM_Plunder_0057_TGP_TowerGuardPayroll (Quest)
6064631363406004295 CSQ_ITM_Plunder_0059_BMT_BriarmoorTaxes (Quest)
6064631363411771464 CSQ_ITM_Plunder_0060_POR_PortraitOfRose (Quest)
6064631363878715468 CSQ_ITM_Plunder_0064_SOS_TheScaleOfSillasin (Quest)
6064631363889528909 CSQ_ITM_Plunder_0065_TBC_TheBellsongCode (Quest)
6064631504700637209 Tower_of_Carphin_3rd_floor_key (Misc)
6064631516804153344 CSQ_ITM_0067_TWW_KennelCollar (Quest)
6064631596144984097 CSQ_ITM_0068_TAW_RefurbishedTowerWolfShield (Quest)
6064631635520978944 SQ_ITM_0035_QuestInit_RavenEye (Quest)
6064631635641696258 SQ_ITM_0033_VesselSherd (Quest)
6064631641241944084 CSQ_ITM_0068_RCA_RootOfDopplebloom (Quest)
6064631674344374274 CSQ_ITM_0068_TSS_QuartermasterKey (Misc)
6064631680493879333 CSQ_ITM_0069_JAR_PrisonerManifest (Quest)
6064631703282188594 CSQ_ITM_0069_TOT_SplintsVest (Quest)
6064631703299621172 CSQ_ITM_0069_TOT_SplintsRope (Quest)
6064631703324590389 CSQ_ITM_0069_TOT_SplintsGloves (Quest)
6064631703329898806 CSQ_ITM_0069_TOT_SplintsPouch (Quest)
6064631703334748212 CSQ_0023_FoulPresence_BrokenBadge (Quest)
6064631703600169298 CSQ_ITM_0069_TOT_LockerBoxKey (Quest)
6064631720005468277 CSQ_ITM_0069_KTT_Support_LastAccountBook (Quest)
6064631720381710468 CSQ_ITM_0069_KTT_ResearchLog (Quest)
6064631746208202780 Item_0100_SalvagedScrap (Quest)
6064631755179360683 Quest_CSQ_0033_LanternLighter (Quest)
6064631759313043456 ProgE_0008_ShipsSpyglass (Quest)
6064631759313240065 ProgE_0008_ShipsAnchor (Quest)
6064631759313436674 ProgE_0008_ShipsChart (Quest)
6064631793562092141 SQ_ITM_0038_CoTS_Ashes (Quest)
6064631804848243285 CSQ_ITM_0017_BOB_CTR_TheOublietteFilled (Quest)
6064631874368765994 CSQ_ITM_0080_CSS_SSU_Proof_GolgoranMancatcher (Quest)
6064631884259917859 CSQ_ITM_0080_CSS_OWI_StrangeKey (Quest)
6064631885164380170 CSQ_RVR_0082_FB_WoeOfXander_Drop_1 (Quest)
6064631885196361747 CSQ_RVR_0082_FB_WoeOfXander_Drop_2 (Quest)
6064631885197213716 CSQ_RVR_0082_FB_WoeOfXander_Drop_3 (Quest)
6064631907500752896 GM_QuestBible_FateOfTheBlade (Quest)
6064631924514226744 CSQ_0083_FB_Petal_Item_A (Quest)
6064631924558725689 CSQ_0083_FB_Petal_Item_B (Quest)
6064631924565803582 CSQ_0083_FB_Petal_Item_C (Quest)
6064631924569539137 CSQ_0083_FB_Petal_Item_D (Quest)
6064631924572750404 CSQ_0083_FB_Petal_Item_E (Quest)
6064631924575502919 CSQ_0083_FB_Petal_Item_F (Quest)
6064631924644380679 CSQ_ITM_0081_OCC_HTB_PurifierSkull (Quest)
6064631963834253315 RETIRED_Mount_Flying_ArcticProwler_0 (Misc)
6064632083211616569 RVR_ED_M1002_HarrowersSpike_BloodVialReward (Quest)
6064632105840214052 Consumable_Elixir_Leatherworking (Consumable)
6064632106314039905 RVR_ED_M1001_LeoniusPlea_Message (Quest)
6064632190527602696 CSQ_RVR_0085_FB_StaunchBloodyBlade_MedicalSupplies_Item (Quest)
6064632195157786641 CSQ_ITM_0082_OGD_SkeletonLoot_AncientSword (Quest)
6064632196062838786 CSQ_RVR_0085_FB_StaunchBloodyBlade_FindXanderArtifact_Item (Quest)
6064632219683192902 The_Stash_lock_box_quest_key (Quest)
6064632281249284125 RVR_Aela_GoblinTrash_1to5_GoblinSnareline (Quest)
6064632303656566784 SQ_ITM_Lionhold_Northgate_0001_GoblinExplosive (Quest)
6064632433513725955 SQ_Lionhold_ClothArmor_LoreItem1 (Quest)
6064632507063861281 CSQ_ITM_CourtOfCloaks_PlunderKey (Quest)
6064632582865289219 TreasureMap_Coin_Curio (All)
6064632620892880896 Guildwar_Glint_Chest_T1 (Consumable)
6064632621793083427 Guildwar_Glint_Chest_T1_PvP (Consumable)
6064632621793280036 Guildwar_Glint_Chest_T2 (Consumable)
6064632621793411109 Guildwar_Glint_Chest_T2_PvP (Consumable)
6064632621793607718 Guildwar_Glint_Chest_T3 (Consumable)
6064632621793804327 Guildwar_Glint_Chest_T3_PvP (Consumable)
6064632621876248637 Guildwar_Consumable_Bag_T1 (Consumable)
6064632621891059774 Guildwar_Consumable_Bag_T1_PvP (Consumable)
6064632621891321919 Guildwar_Consumable_Bag_T2 (Consumable)
6064632621891584064 Guildwar_Consumable_Bag_T2_PvP (Consumable)
6064632621891846209 Guildwar_Consumable_Bag_T3 (Consumable)
6064632621892042818 Guildwar_Consumable_Bag_T3_PvP (Consumable)
6064632622184595456 NodeWar_Consumable_Bag (Consumable)
6064632622184923137 NodeWar_NodeCurrency_Chest (Consumable)
6064632756817035298 SQ_ITM_Samias_BuiltOnBlood_Artifacts_Init (Quest)
6064632774217957383 NodeSiege_Consumable_Bag (Consumable)
6064632774218547209 NodeSiege_NodeCurrency_Chest (Consumable)
6064632774226214922 NodeSiege_Gold_Chest (Consumable)
6064632982478066058 GM_SiegeTesting_SiegeSandals (Material)
6064633062030573571 FunctionalTestItem_QuestInventoryTest (Quest)
6064633237818834944 Mount_Flying_PTR_ONLY (Misc)
6064633249687339008 GM_SiegeTesting_SiegeSandals_Flight (Material)
6064633306999751061 FREE_MONEY (Consumable)
6064633374936465408 Mount_Flying_PTR_ONLY_Tradeable (Misc)
6064633408453149160 GM_Scroll_Consumables 06 (Consumable)
6064633408499089921 GM_Scroll_Consumables 16 (Consumable)
6064633408505905668 GM_Scroll_Consumables 26 (Consumable)
6064633408567837222 GM_Scroll_Gearset Enchanting Kit (Consumable)
6064633487204352000 TEST_Deployable_Footprint_Full (Consumable)
6064633571793043458 TEST_Deployable_Footprint_High (Consumable)
6064633571793502211 TEST_Deployable_Footprint_Low (Consumable)
6064633571793895428 TEST_Deployable_Footprint_Separate (Consumable)
6064633571794092037 TEST_Deployable_Footprint_Small_Box (Consumable)
6064633577251143680 TEST_Deployable_Footprint_Mixed (Consumable)
6064633618595315714 TEST_Deployable_Foundation (Consumable)
6064633657232719877 Ballista_Stationary_Spawn_Item (Consumable)
6064633700975443969 Ballista_Mobile_Spawn_Item (Consumable)
6064633747115696723 Relic_Rare_Golgora_Heart_Item (Material)
6064633776249241710 Relic_Legendary_Tezcoatl_Crown_Item (Material)
6064633776263463023 Relic_Legendary_Tezcoatl_Statue_Item (Material)
6064633776266150000 Relic_Rare_Module_UmbraxisWarhorn_Item (Material)
6064633776270147697 Relic_Epic_Module_Hawkwyn_Item (Material)
6064633776279322738 Relic_Rare_Tangleblight_Sphere_Item (Material)
6064633776299901043 Relic_Uncommon_Module_RebirthAltar_Item (Material)
6064633776308224116 Relic_Uncommon_Kreeok_AeyrionsWing_Item (Material)
6064633776337846389 Relic_Uncommon_Kreeok_Totem_Item (Material)
6064633776352919670 Relic_Uncommon_KoaTal_OathfallMonolith_Item (Material)
6064634020841259058 Item_ANV_FTUE_BF_0016_Dunzendoll (Quest)
6064634082466267136 GM_Scroll_Gear 01 (Light ) Starter (Consumable)
6064634082588753923 GM_Scroll_Gear 03 (Heavy Physical) 2ndSwordDivision (Consumable)
6064634086775914496 GM_Scroll_Gear 03 (Heavy Physical) DeepwardBastion (Consumable)
6064634086780043267 GM_Scroll_Gear 03 (Light Magical) AmbitiousAcademic (Consumable)
6064634086781812742 GM_Scroll_Gear 03 (Light Magical) Emberwake (Consumable)
6064634086783582217 GM_Scroll_Gear 03 (Medium Physical) RiverStalker (Consumable)
6064634086785220620 GM_Scroll_Gear 03 (Medium Physical) Stonechant (Consumable)
6064634086786793487 GM_Scroll_Gear 06 (Heavy Magical) Glenwarden (Consumable)
6064634086789218322 GM_Scroll_Gear 06 (Heavy Physical) Undermarch (Consumable)
6064634086790922261 GM_Scroll_Gear 06 (Light Magical) Runebreath (Consumable)
6064634086793019416 GM_Scroll_Gear 06 (Light Magical) Thistlemaw (Consumable)
6064634086795968539 GM_Scroll_Gear 06 (Medium Physical) Oathdelve (Consumable)
6064634086798458910 GM_Scroll_Gear 06 (Medium Physical) ThornwayAccord (Consumable)
6064634086800883745 GM_Scroll_Gear 09 (Heavy Physical) Crownbreaker (Consumable)
6064634086803701796 GM_Scroll_Gear 09 (Heavy Physical) VerdantYoke (Consumable)
6064634086806519847 GM_Scroll_Gear 09 (Light Physical) Ashwoke (Consumable)
6064634086918651967 GM_Scroll_Gear 09 (Light Magical) Candlefen (Consumable)
6064634086921011266 GM_Scroll_Gear 09 (Medium Magical) Hallowmark (Consumable)
6064634086923436101 GM_Scroll_Gear 09 (Medium Physical) Tithebrook (Consumable)
6064634086925795400 GM_Scroll_Gear 13 (Heavy Physical) AelanChainmail (Consumable)
6064634086943162447 GM_Scroll_Gear 13 (Heavy Physical) LuminousConcord (Consumable)
6064634086945587282 GM_Scroll_Gear 13 (Heavy Magical) Stormcanon (Consumable)
6064634086948077653 GM_Scroll_Gear 13 (Heavy Physical) Sunwrought (Consumable)
6064634086950502488 GM_Scroll_Gear 13 (Light Magical) ArcaneMind (Consumable)
6064634086952992859 GM_Scroll_Gear 13 (Light Magical) ShelloftheSanctifier (Consumable)
6064634086955417694 GM_Scroll_Gear 13 (Light Magical) UnfallenRainment (Consumable)
6064634086957842529 GM_Scroll_Gear 13 (Light Physical) WardoftheSevenfoldLight (Consumable)
6064634086960332900 GM_Scroll_Gear 13 (Medium Physical) SanctusSkulker (Consumable)
6064634086962757735 GM_Scroll_Gear 13 (Medium Magical) Scorchwander (Consumable)
6064634086965248106 GM_Scroll_Gear 13 (Medium Physical) StarlightCreed (Consumable)
6064634086967672941 GM_Scroll_Gear 13 (Medium Physical) SuncleftChoir (Consumable)
6064634086970163312 GM_Scroll_Gear 16 (Heavy Physical) AshenHaunt (Consumable)
6064634086972588147 GM_Scroll_Gear 16 (Heavy Physical) Duneguard (Consumable)
6064634086975012982 GM_Scroll_Gear 16 (Heavy Magical) EnchantedBronze (Consumable)
6064634086977503353 GM_Scroll_Gear 16 (Heavy Physical) Forgewarden (Consumable)
6064634086979928188 GM_Scroll_Gear 16 (Heavy Physical) PolishedTin (Consumable)
6064634086982418559 GM_Scroll_Gear 16 (Heavy Physical) Tidecarved (Consumable)
6064634086984843394 GM_Scroll_Gear 16 (Light Magical) Bluebell (Consumable)
6064634086987333765 GM_Scroll_Gear 16 (Light Magical) Cindertouch (Consumable)
6064634086989758600 GM_Scroll_Gear 16 (Light Physical) Kelpthread (Consumable)
6064634086992248971 GM_Scroll_Gear 16 (Light Magical) Windskein (Consumable)
6064634086994673806 GM_Scroll_Gear 16 (Medium Magical) Ashmantle (Consumable)
6064634086997098641 GM_Scroll_Gear 16 (Medium Physical) BearHide (Consumable)
6064634086999589012 GM_Scroll_Gear 16 (Medium Physical) Driftwake (Consumable)
6064634087002013847 GM_Scroll_Gear 16 (Medium Physical) Windworn (Consumable)
6064634087004504218 GM_Scroll_Gear 19 (Heavy Physical) Maelhold (Consumable)
6064634087006929053 GM_Scroll_Gear 19 (Heavy Physical) SonsOfFortune (Consumable)
6064634087009419424 GM_Scroll_Gear 19 (Heavy Physical) Stonevein (Consumable)
6064634087011844259 GM_Scroll_Gear 19 (Heavy Magical) Sunscale (Consumable)
6064634087014269094 GM_Scroll_Gear 19 (Light Physical) Mirrowend (Consumable)
6064634087019184298 GM_Scroll_Gear 19 (Light Magical) Smokereed (Consumable)
6064634087021674669 GM_Scroll_Gear 19 (Light Magical) Soulseekers (Consumable)
6064634087024099504 GM_Scroll_Gear 19 (Medium Physical) Coalspire (Consumable)
6064634087043432628 GM_Scroll_Gear 19 (Light Magical) Mistfletch (Consumable)
6064634087045922999 GM_Scroll_Gear 19 (Medium Physical) HowlingWolf (Consumable)
6064634087048347834 GM_Scroll_Gear 19 (Medium Magical) Salthewn (Consumable)
6064634087050838205 GM_Scroll_Gear 19 (Medium Physical) Sandspire (Consumable)
6064634087053263040 GM_Scroll_Gear 23 (Heavy Physical) Brineplate (Consumable)
6064634087055687875 GM_Scroll_Gear 23 (Heavy Magical) Graveplate (Consumable)
6064634087058178246 GM_Scroll_Gear 23 (Heavy Physical) Iron (Consumable)
6064634087060603081 GM_Scroll_Gear 23 (Heavy Physical) Moltruin (Consumable)
6064634087063093452 GM_Scroll_Gear 23 (Heavy Physical) Sunbastion (Consumable)
6064634087065518287 GM_Scroll_Gear 23 (Light Magical) Dustwhisper (Consumable)
6064634087068008658 GM_Scroll_Gear 23 (Light Physical) GraveLily (Consumable)
6064634087070433493 GM_Scroll_Gear 23 (Light Magical) Seafoam (Consumable)
6064634087072923864 GM_Scroll_Gear 23 (Light Magical) Shadeweft (Consumable)
6064634087075348699 GM_Scroll_Gear 23 (Light Magical) Spindlehemp (Consumable)
6064634087077773534 GM_Scroll_Gear 23 (Medium Physical) Brinetread (Consumable)
6064634087080263905 GM_Scroll_Gear 23 (Medium Physical) Cindermarch (Consumable)
6064634087082688740 GM_Scroll_Gear 23 (Medium Physical) Gritmantle (Consumable)
6064634087085179111 GM_Scroll_Gear 23 (Medium Magical) Hollowshade (Consumable)
6064634087087603946 GM_Scroll_Gear 23 (Medium Physical) Veilrender (Consumable)
6064634087090094317 GM_Scroll_Gear 26 (Heavy Physical) Coralhold (Consumable)
6064634087092519152 GM_Scroll_Gear 26 (Heavy Magical) Cryptward (Consumable)
6064634087094943987 GM_Scroll_Gear 26 (Heavy Physical) Ironwake (Consumable)
6064634087097434358 GM_Scroll_Gear 26 (Heavy Physical) Rividium (Consumable)
6064634087099859193 GM_Scroll_Gear 26 (Heavy Physical) RosariumGuard (Consumable)
6064634087102349564 GM_Scroll_Gear 26 (Heavy Physical) Scaldplate (Consumable)
6064634087104774399 GM_Scroll_Gear 26 (Light Magical) BloomWarden (Consumable)
6064634087107264770 GM_Scroll_Gear 26 (Light Magical) Glimmersoot (Consumable)
6064634087109689605 GM_Scroll_Gear 26 (Light Physical) Mistglean (Consumable)
6064634087112114440 GM_Scroll_Gear 26 (Light Magical) Thistledown (Consumable)
6064634087114604811 GM_Scroll_Gear 26 (Light Magical) Veilsand (Consumable)
6064634087117029646 GM_Scroll_Gear 26 (Light Magical) Wraithskin (Consumable)
6064634087119520017 GM_Scroll_Gear 26 (Medium Physical) Dunecoil (Consumable)
6064634087121944852 GM_Scroll_Gear 26 (Medium Physical) Ferncloak (Consumable)
6064634087124435223 GM_Scroll_Gear 26 (Medium Physical) Gloomraider (Consumable)
6064634087126860058 GM_Scroll_Gear 26 (Medium Magical) Rosethorn (Consumable)
6064634087129350429 GM_Scroll_Gear 26 (Medium Physical) Slagwalker (Consumable)
6064634087131775264 GM_Scroll_Gear 26 (Medium Magical) Wavebound (Consumable)
6064634087134200099 GM_Scroll_Gear 29 (Heavy Physical) AcademusMonitor (Consumable)
6064634087136690470 GM_Scroll_Gear 29 (Heavy Physical) Anvilguard (Consumable)
6064634087139115305 GM_Scroll_Gear 29 (Heavy Physical) CataphractOfValor (Consumable)
6064634087141605676 GM_Scroll_Gear 29 (Heavy Physical) Forgeguards (Consumable)
6064634087144030511 GM_Scroll_Gear 29 (Heavy Physical) Reefguard (Consumable)
6064634087146520882 GM_Scroll_Gear 29 (Heavy Magical) Sandbastion (Consumable)
6064634087148945717 GM_Scroll_Gear 29 (Heavy Physical) Stoneglen (Consumable)
6064634087151370552 GM_Scroll_Gear 29 (Heavy Physical) Tombplate (Consumable)
6064634087153860923 GM_Scroll_Gear 29 (Light Magical) Ashveil (Consumable)
6064634087156285758 GM_Scroll_Gear 29 (Light Magical) Brightgrove (Consumable)
6064634087158776129 GM_Scroll_Gear 29 (Light Magical) Cognoscente (Consumable)
6064634087161200964 GM_Scroll_Gear 29 (Light Physical) Duneflare (Consumable)
6064634087163691335 GM_Scroll_Gear 29 (Light Magical) Nightwhisper (Consumable)
6064634087166116170 GM_Scroll_Gear 29 (Light Magical) Seawisp (Consumable)
6064634087168606541 GM_Scroll_Gear 29 (Light Magical) TorenAdministrator (Consumable)
6064634087171031376 GM_Scroll_Gear 29 (Medium Physical) Bloodrunner (Consumable)
6064634087173456211 GM_Scroll_Gear 29 (Medium Physical) Coalhewn (Consumable)
6064634087175946582 GM_Scroll_Gear 29 (Medium Magical) Duskhunter (Consumable)
6064634087178371417 GM_Scroll_Gear 29 (Medium Physical) Scorchmantle (Consumable)
6064634087180861788 GM_Scroll_Gear 29 (Medium Physical) Tidepiercer (Consumable)
6064634087183286623 GM_Scroll_Gear 29 (Medium Physical) TorenScout (Consumable)
6064634087185776994 GM_Scroll_Gear 29 (Medium Physical) Wildmarch (Consumable)
